CREATE EXTENSION loginfo;
-- Check views report contents.
-- Warning: This assumes the current postgres instance is using log files
--          and has not syslog configured.
SELECT COUNT(*) > 0 FROM log_info;
 ?column? 
----------
 t
(1 row)

SELECT COUNT(*) > 0 FROM ls_log_files;
 ?column? 
----------
 t
(1 row)

SELECT COUNT(*) > 0 FROM cat_log_file;
 ?column? 
----------
 t
(1 row)

-- Test standard log file.
\set cwd `pwd`
SELECT COUNT(*)
 FROM li_test_cat_log_file(concat(:'cwd', '/sql/log1.log')::cstring, 'log'::cstring) v(line text);
 count  
--------
 231558
(1 row)

-- Test different fields of a CSV file.
SELECT COUNT(*)
 FROM li_test_cat_log_file(concat(:'cwd', '/sql/log1.csv')::cstring, 'csv'::cstring)
      v(log_time               TEXT,
        user_name              TEXT,
	database_name          TEXT,
	process_id             TEXT,
	connection_from        TEXT,
	session_id             TEXT,
	session_line_num       TEXT,
	command_tag            TEXT,
	session_start_time     TEXT,
	virtual_transaction_id TEXT,
	transaction_id         TEXT,
	error_severity         TEXT,
	sql_state_code         TEXT,
	message                TEXT,
	detail                 TEXT,
	hint                   TEXT,
	internal_query         TEXT,
	internal_query_pos     TEXT,
	context                TEXT,
	query                  TEXT,
	query_pos              TEXT,
	location               TEXT,
	application_name       TEXT);
 count 
-------
    51
(1 row)

SELECT v.error_severity, COUNT(*)
 FROM li_test_cat_log_file(concat(:'cwd', '/sql/log1.csv')::cstring, 'csv'::cstring)
      v(log_time               TEXT,
        user_name              TEXT,
	database_name          TEXT,
	process_id             TEXT,
	connection_from        TEXT,
	session_id             TEXT,
	session_line_num       TEXT,
	command_tag            TEXT,
	session_start_time     TEXT,
	virtual_transaction_id TEXT,
	transaction_id         TEXT,
	error_severity         TEXT,
	sql_state_code         TEXT,
	message                TEXT,
	detail                 TEXT,
	hint                   TEXT,
	internal_query         TEXT,
	internal_query_pos     TEXT,
	context                TEXT,
	query                  TEXT,
	query_pos              TEXT,
	location               TEXT,
	application_name       TEXT)
  GROUP BY error_severity;
 error_severity | count 
----------------+-------
 WARNING        |     8
 LOG            |    38
 ERROR          |     5
(3 rows)

SELECT log_time, user_name, database_name, process_id, connection_from
 FROM li_test_cat_log_file(concat(:'cwd', '/sql/log1.csv')::cstring, 'csv'::cstring)
      v(log_time               TEXT,
        user_name              TEXT,
	database_name          TEXT,
	process_id             TEXT,
	connection_from        TEXT,
	session_id             TEXT,
	session_line_num       TEXT,
	command_tag            TEXT,
	session_start_time     TEXT,
	virtual_transaction_id TEXT,
	transaction_id         TEXT,
	error_severity         TEXT,
	sql_state_code         TEXT,
	message                TEXT,
	detail                 TEXT,
	hint                   TEXT,
	internal_query         TEXT,
	internal_query_pos     TEXT,
	context                TEXT,
	query                  TEXT,
	query_pos              TEXT,
	location               TEXT,
	application_name       TEXT);
          log_time           | user_name | database_name | process_id | connection_from 
-----------------------------+-----------+---------------+------------+-----------------
 2020-11-16 16:58:39.507 PST |           |               | 139090     | 
 2020-11-16 16:58:39.512 PST |           |               | 139088     | 
 2020-11-16 17:01:40.338 PST | steve     | steve         | 139248     | [local]
 2020-11-16 17:11:58.786 PST |           |               | 139088     | 
 2020-11-16 17:11:58.786 PST |           |               | 139088     | 
 2020-11-16 17:11:58.787 PST | steve     | steve         | 139595     | [local]
 2020-11-16 17:11:58.788 PST |           |               | 139094     | 
 2020-11-16 17:11:58.794 PST |           |               | 139088     | 
 2020-11-16 17:11:58.966 PST |           |               | 139596     | 
 2020-11-16 17:12:00.657 PST |           |               | 139596     | 
 2020-11-16 17:12:00.661 PST |           |               | 139596     | 
 2020-11-16 17:12:00.662 PST |           |               | 139596     | 
 2020-11-16 17:12:00.662 PST |           |               | 139596     | 
 2020-11-16 17:12:00.734 PST |           |               | 139088     | 
 2020-11-16 17:17:13.891 PST |           |               | 139088     | 
 2020-11-16 17:17:13.891 PST |           |               | 139088     | 
 2020-11-16 17:17:13.893 PST |           |               | 139616     | 
 2020-11-16 17:17:13.895 PST | steve     | steve         | 139753     | [local]
 2020-11-16 17:17:13.904 PST |           |               | 139088     | 
 2020-11-16 17:17:14.154 PST |           |               | 139754     | 
 2020-11-16 17:17:15.774 PST |           |               | 139754     | 
 2020-11-16 17:17:15.787 PST |           |               | 139754     | 
 2020-11-16 17:17:15.788 PST |           |               | 139754     | 
 2020-11-16 17:17:15.788 PST |           |               | 139754     | 
 2020-11-16 17:17:15.843 PST |           |               | 139088     | 
 2020-11-16 17:23:57.208 PST |           |               | 139088     | 
 2020-11-16 17:23:57.208 PST |           |               | 139088     | 
 2020-11-16 17:23:57.209 PST |           |               | 139784     | 
 2020-11-16 17:23:57.210 PST | steve     | steve         | 139950     | [local]
 2020-11-16 17:23:57.211 PST |           |               | 139088     | 
 2020-11-16 17:23:57.274 PST |           |               | 139951     | 
 2020-11-16 17:23:58.310 PST |           |               | 139951     | 
 2020-11-16 17:23:58.315 PST |           |               | 139951     | 
 2020-11-16 17:23:58.316 PST |           |               | 139951     | 
 2020-11-16 17:23:58.316 PST |           |               | 139951     | 
 2020-11-16 17:23:58.364 PST |           |               | 139088     | 
 2020-11-16 17:31:29.608 PST |           |               | 139088     | 
 2020-11-16 17:31:29.609 PST |           |               | 139088     | 
 2020-11-16 17:31:29.609 PST |           |               | 139967     | 
 2020-11-16 17:31:29.610 PST | steve     | steve         | 140174     | [local]
 2020-11-16 17:31:29.610 PST |           |               | 139088     | 
 2020-11-16 17:31:29.657 PST |           |               | 140175     | 
 2020-11-16 17:31:30.803 PST |           |               | 140175     | 
 2020-11-16 17:31:30.807 PST |           |               | 140175     | 
 2020-11-16 17:31:30.808 PST |           |               | 140175     | 
 2020-11-16 17:31:30.808 PST |           |               | 140175     | 
 2020-11-16 17:31:30.850 PST |           |               | 139088     | 
 2020-11-16 17:43:35.222 PST | steve     | steve         | 140461     | [local]
 2020-11-16 17:46:29.903 PST | steve     | steve         | 140586     | [local]
 2020-11-15 20:16:43.454 PST | steve     | steve         | 135134     | [local]
 2020-11-15 22:12:09.123 PST | steve     | steve         | 137269     | [local]
(51 rows)

SELECT session_id, session_line_num, command_tag, session_start_time, virtual_transaction_id
 FROM li_test_cat_log_file(concat(:'cwd', '/sql/log1.csv')::cstring, 'csv'::cstring)
      v(log_time               TEXT,
        user_name              TEXT,
	database_name          TEXT,
	process_id             TEXT,
	connection_from        TEXT,
	session_id             TEXT,
	session_line_num       TEXT,
	command_tag            TEXT,
	session_start_time     TEXT,
	virtual_transaction_id TEXT,
	transaction_id         TEXT,
	error_severity         TEXT,
	sql_state_code         TEXT,
	message                TEXT,
	detail                 TEXT,
	hint                   TEXT,
	internal_query         TEXT,
	internal_query_pos     TEXT,
	context                TEXT,
	query                  TEXT,
	query_pos              TEXT,
	location               TEXT,
	application_name       TEXT);
   session_id   | session_line_num |  command_tag   |   session_start_time    | virtual_transaction_id 
----------------+------------------+----------------+-------------------------+------------------------
 5fb3203f.21f52 | 1                |                | 2020-11-16 16:58:39 PST | 
 5fb3203f.21f50 | 1                |                | 2020-11-16 16:58:39 PST | 
 5fb320ee.21ff0 | 1                | idle           | 2020-11-16 17:01:34 PST | 3/8
 5fb3203f.21f50 | 2                |                | 2020-11-16 16:58:39 PST | 
 5fb3203f.21f50 | 3                |                | 2020-11-16 16:58:39 PST | 
 5fb3235e.2214b | 1                | idle           | 2020-11-16 17:11:58 PST | 4/0
 5fb3203f.21f56 | 1                |                | 2020-11-16 16:58:39 PST | 1/0
 5fb3203f.21f50 | 4                |                | 2020-11-16 16:58:39 PST | 
 5fb3235e.2214c | 1                |                | 2020-11-16 17:11:58 PST | 
 5fb3235e.2214c | 2                |                | 2020-11-16 17:11:58 PST | 
 5fb3235e.2214c | 3                |                | 2020-11-16 17:11:58 PST | 
 5fb3235e.2214c | 4                |                | 2020-11-16 17:11:58 PST | 
 5fb3235e.2214c | 5                |                | 2020-11-16 17:11:58 PST | 
 5fb3203f.21f50 | 5                |                | 2020-11-16 16:58:39 PST | 
 5fb3203f.21f50 | 6                |                | 2020-11-16 16:58:39 PST | 
 5fb3203f.21f50 | 7                |                | 2020-11-16 16:58:39 PST | 
 5fb32360.22160 | 1                |                | 2020-11-16 17:12:00 PST | 2/0
 5fb32499.221e9 | 1                | authentication | 2020-11-16 17:17:13 PST | 4/0
 5fb3203f.21f50 | 8                |                | 2020-11-16 16:58:39 PST | 
 5fb3249a.221ea | 1                |                | 2020-11-16 17:17:14 PST | 
 5fb3249a.221ea | 2                |                | 2020-11-16 17:17:14 PST | 
 5fb3249a.221ea | 3                |                | 2020-11-16 17:17:14 PST | 
 5fb3249a.221ea | 4                |                | 2020-11-16 17:17:14 PST | 
 5fb3249a.221ea | 5                |                | 2020-11-16 17:17:14 PST | 
 5fb3203f.21f50 | 9                |                | 2020-11-16 16:58:39 PST | 
 5fb3203f.21f50 | 10               |                | 2020-11-16 16:58:39 PST | 
 5fb3203f.21f50 | 11               |                | 2020-11-16 16:58:39 PST | 
 5fb3249b.22208 | 1                |                | 2020-11-16 17:17:15 PST | 2/0
 5fb3262d.222ae | 1                | idle           | 2020-11-16 17:23:57 PST | 4/0
 5fb3203f.21f50 | 12               |                | 2020-11-16 16:58:39 PST | 
 5fb3262d.222af | 1                |                | 2020-11-16 17:23:57 PST | 
 5fb3262d.222af | 2                |                | 2020-11-16 17:23:57 PST | 
 5fb3262d.222af | 3                |                | 2020-11-16 17:23:57 PST | 
 5fb3262d.222af | 4                |                | 2020-11-16 17:23:57 PST | 
 5fb3262d.222af | 5                |                | 2020-11-16 17:23:57 PST | 
 5fb3203f.21f50 | 13               |                | 2020-11-16 16:58:39 PST | 
 5fb3203f.21f50 | 14               |                | 2020-11-16 16:58:39 PST | 
 5fb3203f.21f50 | 15               |                | 2020-11-16 16:58:39 PST | 
 5fb3262e.222bf | 1                |                | 2020-11-16 17:23:58 PST | 1/0
 5fb327f1.2238e | 1                | idle           | 2020-11-16 17:31:29 PST | 4/0
 5fb3203f.21f50 | 16               |                | 2020-11-16 16:58:39 PST | 
 5fb327f1.2238f | 1                |                | 2020-11-16 17:31:29 PST | 
 5fb327f1.2238f | 2                |                | 2020-11-16 17:31:29 PST | 
 5fb327f1.2238f | 3                |                | 2020-11-16 17:31:29 PST | 
 5fb327f1.2238f | 4                |                | 2020-11-16 17:31:29 PST | 
 5fb327f1.2238f | 5                |                | 2020-11-16 17:31:29 PST | 
 5fb3203f.21f50 | 17               |                | 2020-11-16 16:58:39 PST | 
 5fb32ac0.224ad | 1                | idle           | 2020-11-16 17:43:28 PST | 3/22
 5fb32b62.2252a | 1                | idle           | 2020-11-16 17:46:10 PST | 3/33
 5fb1fcfa.20fde | 1                | SELECT         | 2020-11-15 20:15:54 PST | 3/6
 5fb2181b.21835 | 1                | idle           | 2020-11-15 22:11:39 PST | 3/141
(51 rows)

SELECT transaction_id, error_severity, sql_state_code
 FROM li_test_cat_log_file(concat(:'cwd', '/sql/log1.csv')::cstring, 'csv'::cstring)
      v(log_time               TEXT,
        user_name              TEXT,
	database_name          TEXT,
	process_id             TEXT,
	connection_from        TEXT,
	session_id             TEXT,
	session_line_num       TEXT,
	command_tag            TEXT,
	session_start_time     TEXT,
	virtual_transaction_id TEXT,
	transaction_id         TEXT,
	error_severity         TEXT,
	sql_state_code         TEXT,
	message                TEXT,
	detail                 TEXT,
	hint                   TEXT,
	internal_query         TEXT,
	internal_query_pos     TEXT,
	context                TEXT,
	query                  TEXT,
	query_pos              TEXT,
	location               TEXT,
	application_name       TEXT);
 transaction_id | error_severity | sql_state_code 
----------------+----------------+----------------
 0              | LOG            | 00000
 0              | LOG            | 00000
 0              | ERROR          | 42601
 0              | LOG            | 00000
 0              | LOG            | 00000
 0              | WARNING        | 57P02
 0              | WARNING        | 57P02
 0              | LOG            | 00000
 0              | LOG            | 00000
 0              | LOG            | 00000
 0              | LOG            | 00000
 0              | LOG            | 00000
 0              | LOG            | 00000
 0              | LOG            | 00000
 0              | LOG            | 00000
 0              | LOG            | 00000
 0              | WARNING        | 57P02
 0              | WARNING        | 57P02
 0              | LOG            | 00000
 0              | LOG            | 00000
 0              | LOG            | 00000
 0              | LOG            | 00000
 0              | LOG            | 00000
 0              | LOG            | 00000
 0              | LOG            | 00000
 0              | LOG            | 00000
 0              | LOG            | 00000
 0              | WARNING        | 57P02
 0              | WARNING        | 57P02
 0              | LOG            | 00000
 0              | LOG            | 00000
 0              | LOG            | 00000
 0              | LOG            | 00000
 0              | LOG            | 00000
 0              | LOG            | 00000
 0              | LOG            | 00000
 0              | LOG            | 00000
 0              | LOG            | 00000
 0              | WARNING        | 57P02
 0              | WARNING        | 57P02
 0              | LOG            | 00000
 0              | LOG            | 00000
 0              | LOG            | 00000
 0              | LOG            | 00000
 0              | LOG            | 00000
 0              | LOG            | 00000
 0              | LOG            | 00000
 0              | ERROR          | 42601
 0              | ERROR          | 42601
 0              | ERROR          | 42703
 0              | ERROR          | 42601
(51 rows)

SELECT v.message
 FROM li_test_cat_log_file(concat(:'cwd', '/sql/log1.csv')::cstring, 'csv'::cstring)
      v(log_time               TEXT,
        user_name              TEXT,
	database_name          TEXT,
	process_id             TEXT,
	connection_from        TEXT,
	session_id             TEXT,
	session_line_num       TEXT,
	command_tag            TEXT,
	session_start_time     TEXT,
	virtual_transaction_id TEXT,
	transaction_id         TEXT,
	error_severity         TEXT,
	sql_state_code         TEXT,
	message                TEXT,
	detail                 TEXT,
	hint                   TEXT,
	internal_query         TEXT,
	internal_query_pos     TEXT,
	context                TEXT,
	query                  TEXT,
	query_pos              TEXT,
	location               TEXT,
	application_name       TEXT);
                                   message                                   
-----------------------------------------------------------------------------
 database system was shut down at 2020-11-16 16:58:37 PST
 database system is ready to accept connections
 syntax error at or near "selegt"
 server process (PID 139589) was terminated by signal 11: Segmentation fault
 terminating any other active server processes
 terminating connection because of crash of another server process
 terminating connection because of crash of another server process
 all server processes terminated; reinitializing
 database system was interrupted; last known up at 2020-11-16 17:08:43 PST
 database system was not properly shut down; automatic recovery in progress
 redo starts at 0/1EFEBC0
 invalid record length at 0/1F4F940: wanted 24, got 0
 redo done at 0/1F4F348
 database system is ready to accept connections
 server process (PID 139746) was terminated by signal 11: Segmentation fault
 terminating any other active server processes
 terminating connection because of crash of another server process
 terminating connection because of crash of another server process
 all server processes terminated; reinitializing
 database system was interrupted; last known up at 2020-11-16 17:17:02 PST
 database system was not properly shut down; automatic recovery in progress
 redo starts at 0/1F5CC18
 invalid record length at 0/1F8C368: wanted 24, got 0
 redo done at 0/1F8C330
 database system is ready to accept connections
 server process (PID 139946) was terminated by signal 11: Segmentation fault
 terminating any other active server processes
 terminating connection because of crash of another server process
 terminating connection because of crash of another server process
 all server processes terminated; reinitializing
 database system was interrupted; last known up at 2020-11-16 17:17:15 PST
 database system was not properly shut down; automatic recovery in progress
 redo starts at 0/1F8C3E0
 invalid record length at 0/1FBE4C0: wanted 24, got 0
 redo done at 0/1FBDEB0
 database system is ready to accept connections
 server process (PID 140170) was terminated by signal 11: Segmentation fault
 terminating any other active server processes
 terminating connection because of crash of another server process
 terminating connection because of crash of another server process
 all server processes terminated; reinitializing
 database system was interrupted; last known up at 2020-11-16 17:23:58 PST
 database system was not properly shut down; automatic recovery in progress
 redo starts at 0/1FBE538
 invalid record length at 0/1FF3608: wanted 24, got 0
 redo done at 0/1FF35D0
 database system is ready to accept connections
 syntax error at or near ";"
 syntax error at or near "fom"
 column "timestamp" does not exist
 syntax error at or near "psql"
(51 rows)

SELECT detail
 FROM li_test_cat_log_file(concat(:'cwd', '/sql/log1.csv')::cstring, 'csv'::cstring)
      v(log_time               TEXT,
        user_name              TEXT,
	database_name          TEXT,
	process_id             TEXT,
	connection_from        TEXT,
	session_id             TEXT,
	session_line_num       TEXT,
	command_tag            TEXT,
	session_start_time     TEXT,
	virtual_transaction_id TEXT,
	transaction_id         TEXT,
	error_severity         TEXT,
	sql_state_code         TEXT,
	message                TEXT,
	detail                 TEXT,
	hint                   TEXT,
	internal_query         TEXT,
	internal_query_pos     TEXT,
	context                TEXT,
	query                  TEXT,
	query_pos              TEXT,
	location               TEXT,
	application_name       TEXT);
                                                                                         detail                                                                                         
----------------------------------------------------------------------------------------------------------------------------------------------------------------------------------------
 
 
 
 Failed process was running: select * from cat_csv_file;
 
 The postmaster has commanded this server process to roll back the current transaction and exit, because another server process exited abnormally and possibly corrupted shared memory.
 The postmaster has commanded this server process to roll back the current transaction and exit, because another server process exited abnormally and possibly corrupted shared memory.
 
 
 
 
 
 
 
 Failed process was running: select * from cat_csv_file;
 
 The postmaster has commanded this server process to roll back the current transaction and exit, because another server process exited abnormally and possibly corrupted shared memory.
 The postmaster has commanded this server process to roll back the current transaction and exit, because another server process exited abnormally and possibly corrupted shared memory.
 
 
 
 
 
 
 
 Failed process was running: select * from cat_csv_file;
 
 The postmaster has commanded this server process to roll back the current transaction and exit, because another server process exited abnormally and possibly corrupted shared memory.
 The postmaster has commanded this server process to roll back the current transaction and exit, because another server process exited abnormally and possibly corrupted shared memory.
 
 
 
 
 
 
 
 Failed process was running: select * from cat_csv_file;
 
 The postmaster has commanded this server process to roll back the current transaction and exit, because another server process exited abnormally and possibly corrupted shared memory.
 The postmaster has commanded this server process to roll back the current transaction and exit, because another server process exited abnormally and possibly corrupted shared memory.
 
 
 
 
 
 
 
 
 
 
 
(51 rows)

SELECT hint
 FROM li_test_cat_log_file(concat(:'cwd', '/sql/log1.csv')::cstring, 'csv'::cstring)
      v(log_time               TEXT,
        user_name              TEXT,
	database_name          TEXT,
	process_id             TEXT,
	connection_from        TEXT,
	session_id             TEXT,
	session_line_num       TEXT,
	command_tag            TEXT,
	session_start_time     TEXT,
	virtual_transaction_id TEXT,
	transaction_id         TEXT,
	error_severity         TEXT,
	sql_state_code         TEXT,
	message                TEXT,
	detail                 TEXT,
	hint                   TEXT,
	internal_query         TEXT,
	internal_query_pos     TEXT,
	context                TEXT,
	query                  TEXT,
	query_pos              TEXT,
	location               TEXT,
	application_name       TEXT);
                                         hint                                         
--------------------------------------------------------------------------------------
 
 
 
 
 
 In a moment you should be able to reconnect to the database and repeat your command.
 In a moment you should be able to reconnect to the database and repeat your command.
 
 
 
 
 
 
 
 
 
 In a moment you should be able to reconnect to the database and repeat your command.
 In a moment you should be able to reconnect to the database and repeat your command.
 
 
 
 
 
 
 
 
 
 In a moment you should be able to reconnect to the database and repeat your command.
 In a moment you should be able to reconnect to the database and repeat your command.
 
 
 
 
 
 
 
 
 
 In a moment you should be able to reconnect to the database and repeat your command.
 In a moment you should be able to reconnect to the database and repeat your command.
 
 
 
 
 
 
 
 
 
 
 
(51 rows)

SELECT internal_query, internal_query_pos, context, query, query_pos
 FROM li_test_cat_log_file(concat(:'cwd', '/sql/log1.csv')::cstring, 'csv'::cstring)
      v(log_time               TEXT,
        user_name              TEXT,
	database_name          TEXT,
	process_id             TEXT,
	connection_from        TEXT,
	session_id             TEXT,
	session_line_num       TEXT,
	command_tag            TEXT,
	session_start_time     TEXT,
	virtual_transaction_id TEXT,
	transaction_id         TEXT,
	error_severity         TEXT,
	sql_state_code         TEXT,
	message                TEXT,
	detail                 TEXT,
	hint                   TEXT,
	internal_query         TEXT,
	internal_query_pos     TEXT,
	context                TEXT,
	query                  TEXT,
	query_pos              TEXT,
	location               TEXT,
	application_name       TEXT);
 internal_query | internal_query_pos | context |                query                | query_pos 
----------------+--------------------+---------+-------------------------------------+-----------
                |                    |         |                                     | 
                |                    |         |                                     | 
                |                    |         | selegt * from gar;                  | 1
                |                    |         |                                     | 
                |                    |         |                                     | 
                |                    |         |                                     | 
                |                    |         |                                     | 
                |                    |         |                                     | 
                |                    |         |                                     | 
                |                    |         |                                     | 
                |                    |         |                                     | 
                |                    |         |                                     | 
                |                    |         |                                     | 
                |                    |         |                                     | 
                |                    |         |                                     | 
                |                    |         |                                     | 
                |                    |         |                                     | 
                |                    |         |                                     | 
                |                    |         |                                     | 
                |                    |         |                                     | 
                |                    |         |                                     | 
                |                    |         |                                     | 
                |                    |         |                                     | 
                |                    |         |                                     | 
                |                    |         |                                     | 
                |                    |         |                                     | 
                |                    |         |                                     | 
                |                    |         |                                     | 
                |                    |         |                                     | 
                |                    |         |                                     | 
                |                    |         |                                     | 
                |                    |         |                                     | 
                |                    |         |                                     | 
                |                    |         |                                     | 
                |                    |         |                                     | 
                |                    |         |                                     | 
                |                    |         |                                     | 
                |                    |         |                                     | 
                |                    |         |                                     | 
                |                    |         |                                     | 
                |                    |         |                                     | 
                |                    |         |                                     | 
                |                    |         |                                     | 
                |                    |         |                                     | 
                |                    |         |                                     | 
                |                    |         |                                     | 
                |                    |         |                                     | 
                |                    |         | drop extension                     +| 16
                |                    |         | ;                                   | 
                |                    |         | select * fom cat_csv_file;          | 10
                |                    |         | select timestamp from ls_log_files; | 8
                |                    |         | psql                               +| 1
                |                    |         | select * from ls_log_file;          | 
(51 rows)

SELECT location, application_name
 FROM li_test_cat_log_file(concat(:'cwd', '/sql/log1.csv')::cstring, 'csv'::cstring)
      v(log_time               TEXT,
        user_name              TEXT,
	database_name          TEXT,
	process_id             TEXT,
	connection_from        TEXT,
	session_id             TEXT,
	session_line_num       TEXT,
	command_tag            TEXT,
	session_start_time     TEXT,
	virtual_transaction_id TEXT,
	transaction_id         TEXT,
	error_severity         TEXT,
	sql_state_code         TEXT,
	message                TEXT,
	detail                 TEXT,
	hint                   TEXT,
	internal_query         TEXT,
	internal_query_pos     TEXT,
	context                TEXT,
	query                  TEXT,
	query_pos              TEXT,
	location               TEXT,
	application_name       TEXT);
 location | application_name 
----------+------------------
          | 
          | 
          | psql
          | 
          | 
          | psql
          | 
          | 
          | 
          | 
          | 
          | 
          | 
          | 
          | 
          | 
          | 
          | 
          | 
          | 
          | 
          | 
          | 
          | 
          | 
          | 
          | 
          | 
          | psql
          | 
          | 
          | 
          | 
          | 
          | 
          | 
          | 
          | 
          | 
          | psql
          | 
          | 
          | 
          | 
          | 
          | 
          | 
          | psql
          | psql
          | psql
          | psql
(51 rows)

-- Error cases
--
-- Invalid filename for log file.
SELECT COUNT(*)
 FROM li_test_cat_log_file('/sql/log1.log'::cstring, 'log'::cstring) v(line text);
ERROR:  invalid file name
-- Invalid filename for csv file.
SELECT v.message
 FROM li_test_cat_log_file('/sql/log1.csv'::cstring, 'csv'::cstring)
      v(log_time               TEXT,
        user_name              TEXT,
	database_name          TEXT,
	process_id             TEXT,
	connection_from        TEXT,
	session_id             TEXT,
	session_line_num       TEXT,
	command_tag            TEXT,
	session_start_time     TEXT,
	virtual_transaction_id TEXT,
	transaction_id         TEXT,
	error_severity         TEXT,
	sql_state_code         TEXT,
	message                TEXT,
	detail                 TEXT,
	hint                   TEXT,
	internal_query         TEXT,
	internal_query_pos     TEXT,
	context                TEXT,
	query                  TEXT,
	query_pos              TEXT,
	location               TEXT,
	application_name       TEXT);
ERROR:  invalid file name
-- Try load log file as CSV file.
SELECT v.message
 FROM li_test_cat_log_file(concat(:'cwd', '/sql/log1.log')::cstring, 'csv'::cstring)
      v(log_time               TEXT,
        user_name              TEXT,
	database_name          TEXT,
	process_id             TEXT,
	connection_from        TEXT,
	session_id             TEXT,
	session_line_num       TEXT,
	command_tag            TEXT,
	session_start_time     TEXT,
	virtual_transaction_id TEXT,
	transaction_id         TEXT,
	error_severity         TEXT,
	sql_state_code         TEXT,
	message                TEXT,
	detail                 TEXT,
	hint                   TEXT,
	internal_query         TEXT,
	internal_query_pos     TEXT,
	context                TEXT,
	query                  TEXT,
	query_pos              TEXT,
	location               TEXT,
	application_name       TEXT);
ERROR:  invalid CSV format, not enough fields
-- Too many fields.
SELECT v.message
 FROM li_test_cat_log_file(concat(:'cwd', '/sql/too-many-fields.csv')::cstring, 'csv'::cstring)
      v(log_time               TEXT,
        user_name              TEXT,
	database_name          TEXT,
	process_id             TEXT,
	connection_from        TEXT,
	session_id             TEXT,
	session_line_num       TEXT,
	command_tag            TEXT,
	session_start_time     TEXT,
	virtual_transaction_id TEXT,
	transaction_id         TEXT,
	error_severity         TEXT,
	sql_state_code         TEXT,
	message                TEXT,
	detail                 TEXT,
	hint                   TEXT,
	internal_query         TEXT,
	internal_query_pos     TEXT,
	context                TEXT,
	query                  TEXT,
	query_pos              TEXT,
	location               TEXT,
	application_name       TEXT);
ERROR:  invalid CSV format, too many fields
-- Not enough fields.
SELECT v.message
 FROM li_test_cat_log_file(concat(:'cwd', '/sql/not-enough-fields.csv')::cstring, 'csv'::cstring)
      v(log_time               TEXT,
        user_name              TEXT,
	database_name          TEXT,
	process_id             TEXT,
	connection_from        TEXT,
	session_id             TEXT,
	session_line_num       TEXT,
	command_tag            TEXT,
	session_start_time     TEXT,
	virtual_transaction_id TEXT,
	transaction_id         TEXT,
	error_severity         TEXT,
	sql_state_code         TEXT,
	message                TEXT,
	detail                 TEXT,
	hint                   TEXT,
	internal_query         TEXT,
	internal_query_pos     TEXT,
	context                TEXT,
	query                  TEXT,
	query_pos              TEXT,
	location               TEXT,
	application_name       TEXT);
ERROR:  invalid CSV format, not enough fields
-- Eof in record.
SELECT v.message
 FROM li_test_cat_log_file(concat(:'cwd', '/sql/eof-in-record.csv')::cstring, 'csv'::cstring)
      v(log_time               TEXT,
        user_name              TEXT,
	database_name          TEXT,
	process_id             TEXT,
	connection_from        TEXT,
	session_id             TEXT,
	session_line_num       TEXT,
	command_tag            TEXT,
	session_start_time     TEXT,
	virtual_transaction_id TEXT,
	transaction_id         TEXT,
	error_severity         TEXT,
	sql_state_code         TEXT,
	message                TEXT,
	detail                 TEXT,
	hint                   TEXT,
	internal_query         TEXT,
	internal_query_pos     TEXT,
	context                TEXT,
	query                  TEXT,
	query_pos              TEXT,
	location               TEXT,
	application_name       TEXT);
ERROR:  eof while parsing record
